******************************************************************************
            TI ARM Clang Linker PC v1.3.0                      
******************************************************************************
>> Linked Tue Aug 22 15:46:10 2023

OUTPUT FILE NAME:   <simple_peripheral_CC26X2R1_LAUNCHXL_tirtos7_ticlang.out>
ENTRY POINT SYMBOL: "ResetISR"  address: 0001ab6b


MEMORY CONFIGURATION

         name            origin    length      used     unused   attr    fill
----------------------  --------  ---------  --------  --------  ----  --------
  FLASH                 00000000   00056000  00021fd8  00034028  R  X
  FLASH_LAST_PAGE       00056000   00002000  00000058  00001fa8  R  X
  RTOS_SRAM             20000000   0000012c  00000000  0000012c  RW X
  SRAM                  20000fdf   00013021  00002cf8  00010329  RW X


SEGMENT ALLOCATION MAP

run origin  load origin   length   init length attrs members
----------  ----------- ---------- ----------- ----- -------
00000000    00000000    0001dfd8   0001dfd8    r-x
  00000000    00000000    0000003c   0000003c    r-- .resetVecs
  0000003c    0000003c    00000004   00000004    r-- .rodata.1
  00000040    00000040    0001b310   0001b310    r-x .text
  0001b350    0001b350    00002728   00002728    r-- .rodata.2
  0001da78    0001da78    00000560   00000560    r-- .cinit
00048000    00048000    00004000   00000000    rw-
  00048000    00048000    00004000   00000000    rw- .TI.bound:flashBuf0
00057fa8    00057fa8    00000058   00000058    r--
  00057fa8    00057fa8    00000058   00000058    r-- .ccfg
20001810    20001810    00000010   00000000    rw-
  20001810    20001810    00000010   00000000    rw- .TI.bound:dmaUart0RxControlTableEntry
20001820    20001820    00000010   00000000    rw-
  20001820    20001820    00000010   00000000    rw- .TI.bound:dmaUart0TxControlTableEntry
20001900    20001900    000027b6   00000000    rw-
  20001900    20001900    00000f1c   00000000    rw- .data
  20002820    20002820    00001896   00000000    rw- .bss
20004100    20004100    000000d8   00000000    rw-
  20004100    20004100    000000d8   00000000    rw- .ramVecs
20013c00    20013c00    00000400   00000000    rw-
  20013c00    20013c00    00000400   00000000    rw- .stack


SECTION ALLOCATION MAP

 output                                  attributes/
section   page    origin      length       input sections
--------  ----  ----------  ----------   ----------------
.resetVecs 
*          0    00000000    0000003c     
                  00000000    0000003c     ti_sysbios_config.o (.resetVecs)

.rodata.1 
*          0    0000003c    00000004     
                  0000003c    00000004     drivers_cc26x2.a : NVS.c.obj (.rodata.NVS_defaultParams)

.cinit     0    0001da78    00000560     
                  0001da78    00000507     (.cinit..data.load) [load image, compression = lzss]
                  0001df7f    00000001     --HOLE-- [fill = 0]
                  0001df80    0000000c     (__TI_handler_table)
                  0001df8c    00000004     --HOLE-- [fill = 0]
                  0001df90    00000008     (.cinit..TI.bound:dmaUart0RxControlTableEntry.load) [load image, compression = zero_init]
                  0001df98    00000008     (.cinit..TI.bound:dmaUart0TxControlTableEntry.load) [load image, compression = zero_init]
                  0001dfa0    00000008     (.cinit..bss.load) [load image, compression = zero_init]
                  0001dfa8    00000008     (.cinit..ramVecs.load) [load image, compression = zero_init]
                  0001dfb0    00000028     (__TI_cinit_table)

.init_array 
*          0    00000000    00000000     UNINITIALIZED

.ccfg      0    00057fa8    00000058     
                  00057fa8    00000058     ti_devices_config.o (.ccfg)

.data      0    20001900    00000f1c     UNINITIALIZED
                  20001900    00000174     drivers_cc26x2.a : PowerCC26X2.c.obj (.data.PowerCC26X2_module)
                  20001a74    00000130     devinfoservice.o (.data.devInfoAttrTbl)
                  20001ba4    00000110     simple_gatt_profile.o (.data.simpleProfileAttrTbl)
                  20001cb4    000000f4     StackWrapper.a : gapbondmgr.o (.data)
                  20001da8    000000b0     OneLib.a : gapgattserver.o (.data)
                  20001e58    0000007c     ti_drivers_config.o (.data.gpioPinConfigs)
                  20001ed4    00000004     icall.o (.data.ICall_dispatcher)
                  20001ed8    0000007a     devinfoservice.o (.data..L_MergedGlobals)
                  20001f52    00000002     ble_user_config.o (.data.bleUserCfg_maxPduSize)
                  20001f54    00000078     icall.o (.data..L_MergedGlobals.1)
                  20001fcc    00000068     rf_multiMode_cc26x2.a : RFCC26X2_multiMode.c.cc26x2.ticlang.o (.data..L_MergedGlobals.1)
                  20002034    00000004     drivers_cc26x2.a : PowerCC26X2.c.obj (.data.PowerCC26X2_rtcSubSecInc)
                  20002038    00000068     ti_sysbios_config.o (.data..L_MergedGlobals.71)
                  200020a0    00000068     ti_sysbios_config.o (.data..L_MergedGlobals)
                  20002108    00000068     ti_sysbios_config.o (.data.ti_sysbios_knl_Clock_Module_state)
                  20002170    00000064     simple_peripheral.o (.data..L_MergedGlobals.10)
                  200021d4    00000064     rf_multiMode_cc26x2.a : RFCC26X2_multiMode.c.cc26x2.ticlang.o (.data..L_MergedGlobals.3)
                  20002238    00000064     OneLib.a : ll_config.o (.data)
                  2000229c    00000058     rf_multiMode_cc26x2.a : RFCC26X2_multiMode.c.cc26x2.ticlang.o (.data..L_MergedGlobals.2)
                  200022f4    00000054     ti_radio_config.o (.data.pOverrides_bleCommon)
                  20002348    00000050     ti_radio_config.o (.data.txPowerTable_2400_pa5)
                  20002398    00000040     OneLib.a : gattservapp.o (.data)
                  200023d8    00000040              : sm_pairing.o (.data)
                  20002418    0000003c     icall_user_config.o (.data.nvintfFncStruct)
                  20002454    0000003c     ti_sysbios_config.o (.data.ti_sysbios_knl_Task_Module_state)
                  20002490    00000038     drivers_cc26x2.a : TRNGCC26XX.c.obj (.data..L_MergedGlobals.1)
                  200024c8    00000030                      : TRNGCC26XX.c.obj (.data..L_MergedGlobals)
                  200024f8    0000002a     devinfoservice.o (.data..L_MergedGlobals.1)
                  20002522    00000002     OneLib.a : ll.o (.data)
                  20002524    00000028     nvocmp.o (.data..L_MergedGlobals.1)
                  2000254c    00000024     ble_user_config.o (.data.eccParams_NISTP256)
                  20002570    00000024     ti_radio_config.o (.data.pOverrides_ble2Mbps)
                  20002594    0000001c     simple_peripheral.o (.data..L_MergedGlobals)
                  200025b0    0000001c     ti_ble_config.o (.data.advParams1)
                  200025cc    0000001c     ti_ble_config.o (.data.advParams2)
                  200025e8    0000001c     ti_ble_config.o (.data.scanResData1)
                  20002604    00000018     ti_radio_config.o (.data.pOverrides_ble1Mbps)
                  2000261c    00000015     ti_ble_config.o (.data.attDeviceName)
                  20002631    00000001     drivers_cc26x2.a : AESCTRCC26XX.c.obj (.data.AESCTR_isInitialized)
                  20002632    00000002     OneLib.a : ll_config.o (.data)
                  20002634    00000014     icall.o (.data..L_MergedGlobals)
                  20002648    00000014     StackWrapper.a : osal.o (.data)
                  2000265c    00000013     display_cc26x2.a : DisplayUart2.c.obj (.data.DisplayUart2Ansi_escInitial)
                  2000266f    00000011     simple_gatt_profile.o (.data.simpleProfileChar1UserDesp)
                  20002680    00000011     simple_gatt_profile.o (.data.simpleProfileChar2UserDesp)
                  20002691    00000011     simple_gatt_profile.o (.data.simpleProfileChar3UserDesp)
                  200026a2    00000011     simple_gatt_profile.o (.data.simpleProfileChar4UserDesp)
                  200026b3    00000011     simple_gatt_profile.o (.data.simpleProfileChar5UserDesp)
                  200026c4    00000010     ti_radio_config.o (.data.RF_modeBle)
                  200026d4    00000010     driverlib.lib : osc.o (.data._hposcCoeffs)
                  200026e4    00000010     icall_user_config.o (.data.bleAppServiceInfoTable)
                  200026f4    00000010     ti_radio_config.o (.data.pOverrides_bleCoded)
                  20002704    00000010     main.o (.data.user0Cfg)
                  20002714    00000010     OneLib.a : gattservapp.o (.data)
                  20002724    00000010              : ll_data.o (.data)
                  20002734    0000000f     ti_ble_config.o (.data..L_MergedGlobals)
                  20002743    00000001     nvocmp.o (.data.NVOCMP_failF)
                  20002744    0000000d     simple_gatt_profile.o (.data..L_MergedGlobals)
                  20002751    00000001     drivers_cc26x2.a : PKAResourceCC26XX.c.obj (.data.PKAResourceCC26XX_pollingFlag)
                  20002752    00000002     StackWrapper.a : osal_cbtimer.o (.data)
                  20002754    0000000c     drivers_cc26x2.a : NVSCC26XX.c.obj (.data..L_MergedGlobals)
                  20002760    0000000b     ti_ble_config.o (.data.advData1)
                  2000276b    0000000b     ti_ble_config.o (.data.advData2)
                  20002776    00000001     rf_multiMode_cc26x2.a : rf_patch_cpe_bt5.c.cc26x2.ticlang.o (.data.bBt5PatchEntered)
                  20002777    00000001     devinfoservice.o (.data.devInfo11073CertProps)
                  20002778    00000008     icall_cc2650.o (.data..L_MergedGlobals)
                  20002780    00000008     rf_multiMode_cc26x2.a : RFCC26X2_multiMode.c.cc26x2.ticlang.o (.data..L_MergedGlobals)
                  20002788    00000008                           : RFCC26X2_multiMode.c.cc26x2.ticlang.o (.data.RFCC26XX_schedulerPolicy)
                  20002790    00000008     ti_sysbios_config.o (.data.ti_sysbios_gates_GateMutexPri_Module_state)
                  20002798    00000008     ti_sysbios_config.o (.data.ti_sysbios_heaps_HeapCallback_Module_state)
                  200027a0    00000008     ti_sysbios_config.o (.data.ti_sysbios_knl_Event_state)
                  200027a8    00000008     ti_sysbios_config.o (.data.ti_sysbios_knl_Semaphore_Module_state)
                  200027b0    00000008     OneLib.a : gapgattserver.o (.data)
                  200027b8    00000008     StackWrapper.a : gapbondmgr.o (.data)
                  200027c0    00000006     simple_peripheral.o (.data.rpa)
                  200027c6    00000005     display_cc26x2.a : DisplayUart2.c.obj (.data.DisplayUart2Ansi_escClearScreen)
                  200027cb    00000001     devinfoservice.o (.data.devInfoFirmwareRevProps)
                  200027cc    00000004     rf_multiMode_cc26x2.a : RFCC26X2_multiMode.c.cc26x2.ticlang.o (.data.RF_fsmActiveState.lfClockSourceLast)
                  200027d0    00000004     libc.a : _lock.c.obj (.data._lock)
                  200027d4    00000004            : _lock.c.obj (.data._unlock)
                  200027d8    00000004     ble_user_config.o (.data.appAssertCback)
                  200027dc    00000004     ble_user_config_stack.o (.data.icallServiceTblPtr)
                  200027e0    00000004     ti_ble_config.o (.data.pRandomAddress)
                  200027e4    00000004     icall_api_lite.o (.data.pRfErrCb)
                  200027e8    00000004     icall_api_lite.o (.data.pfnBMAlloc)
                  200027ec    00000004     icall_api_lite.o (.data.pfnBMFree)
                  200027f0    00000004     OneLib.a : ll_slave_end_causes.o (.data)
                  200027f4    00000004     StackWrapper.a : hal_assert.o (.data)
                  200027f8    00000001     devinfoservice.o (.data.devInfoHardwareRevProps)
                  200027f9    00000001     devinfoservice.o (.data.devInfoMfrNameProps)
                  200027fa    00000001     devinfoservice.o (.data.devInfoModelNumberProps)
                  200027fb    00000001     devinfoservice.o (.data.devInfoPnpIdProps)
                  200027fc    00000001     devinfoservice.o (.data.devInfoSerialNumberProps)
                  200027fd    00000001     devinfoservice.o (.data.devInfoSoftwareRevProps)
                  200027fe    00000001     devinfoservice.o (.data.devInfoSystemIdProps)
                  200027ff    00000001     drivers_cc26x2.a : GPIOCC26X2.c.obj (.data.initCalled)
                  20002800    00000001                      : AESCCMCC26XX.c.obj (.data.isInitialized)
                  20002801    00000001                      : AESCTRDRBGXX.c.obj (.data.isInitialized)
                  20002802    00000001                      : AESECBCC26XX.c.obj (.data.isInitialized)
                  20002803    00000001                      : CryptoResourceCC26XX.c.obj (.data.isInitialized)
                  20002804    00000001                      : ECDHCC26X2.c.obj (.data.isInitialized)
                  20002805    00000001                      : NVS.c.obj (.data.isInitialized)
                  20002806    00000001                      : PKAResourceCC26XX.c.obj (.data.isInitialized)
                  20002807    00000001     simple_gatt_profile.o (.data.simpleProfileChar1Props)
                  20002808    00000001     simple_gatt_profile.o (.data.simpleProfileChar2Props)
                  20002809    00000001     simple_gatt_profile.o (.data.simpleProfileChar3Props)
                  2000280a    00000001     simple_gatt_profile.o (.data.simpleProfileChar4Props)
                  2000280b    00000001     simple_gatt_profile.o (.data.simpleProfileChar5Props)
                  2000280c    00000001     OneLib.a : gapgattserver.o (.data)
                  2000280d    00000001              : gapgattserver.o (.data)
                  2000280e    00000001              : gapgattserver.o (.data)
                  2000280f    00000001              : gapgattserver.o (.data)
                  20002810    00000001              : gapgattserver.o (.data)
                  20002811    00000001              : gapgattserver.o (.data)
                  20002812    00000001              : gattservapp.o (.data)
                  20002813    00000001              : gattservapp.o (.data)
                  20002814    00000001              : ll.o (.data)
                  20002815    00000001              : ll_ae.o (.data)
                  20002816    00000001              : ll_data.o (.data)
                  20002817    00000001              : ll_scheduler.o (.data)
                  20002818    00000001              : sm_task.o (.data)
                  20002819    00000001     StackWrapper.a : gap.o (.data)
                  2000281a    00000001                    : gap.o (.data)
                  2000281b    00000001                    : hal_assert.o (.data)

.bss       0    20002820    00001896     UNINITIALIZED
                  20002820    00000400     (.common:spTaskStack)
                  20002c20    00000300     (.common:ti_sysbios_knl_Idle_taskStack)
                  20002f20    000002c0     rf_multiMode_cc26x2.a : RFCC26X2_multiMode.c.cc26x2.ticlang.o (.bss.RF_cmdPool)
                  200031e0    00000170     (.common:uart2CC26X2Objects)
                  20003350    00000100     OneLib.a : ll.o (.bss)
                  20003450    000000d8     (.common:ti_sysbios_family_arm_m3_Hwi_dispatchTable)
                  20003528    000000c0     simple_peripheral.o (.bss.connList)
                  200035e8    000000a4     (.common:aesctrdrbgXXObjects)
                  2000368c    00000084     (.common:trngCC26XXObjects)
                  20003710    00000080     ti_drivers_config.o (.bss.displayUART2Buffer)
                  20003790    0000007c     (.common:gpioCallbackFunctions)
                  2000380c    0000007c     (.common:gpioUserArgs)
                  20003888    00000078     StackWrapper.a : osal_cbtimer.o (.bss)
                  20003900    00000068     rf_multiMode_cc26x2.a : RFCC26X2_multiMode.c.cc26x2.ticlang.o (.bss.RF_ratModule)
                  20003968    00000060     (.common:ti_sysbios_knl_ClockSupport_timerStruct)
                  200039c8    00000058     (.common:spTask)
                  20003a20    00000058     (.common:ti_sysbios_knl_Idle_taskStruct)
                  20003a78    00000050     (.common:CryptoResourceCC26XX_accessSemaphore)
                  20003ac8    00000050     (.common:CryptoResourceCC26XX_operationSemaphore)
                  20003b18    00000050     (.common:PKAResourceCC26XX_accessSemaphore)
                  20003b68    00000050     (.common:PKAResourceCC26XX_operationSemaphore)
                  20003bb8    00000044                           : RFCC26X2_multiMode.c.cc26x2.ticlang.o (.bss.RF_clkInactivityObj)
                  20003bfc    00000044                           : RFCC26X2_multiMode.c.cc26x2.ticlang.o (.bss.RF_clkPowerUpObj)
                  20003c40    0000003c                           : RFCC26X2_multiMode.c.cc26x2.ticlang.o (.bss.RF_swiHwObj)
                  20003c7c    0000003c     StackWrapper.a : osal_snv_wrapper.o (.bss)
                  20003cb8    00000030     (.common:ti_sysbios_knl_Swi_readyQs)
                  20003ce8    00000030     (.common:ti_sysbios_knl_Task_readyQs)
                  20003d18    0000002e     (.common:NVOCMP_nvHandle)
                  20003d46    00000002     OneLib.a : gapgattserver.o (.bss)
                  20003d48    00000028     (.common:aesecbCC26XXObjects)
                  20003d70    00000024              : ll.o (.bss)
                  20003d94    00000024     (.common:uartParams)
                  20003db8    00000020     ti_drivers_config.o (.bss.uart2RxRingBuffer0)
                  20003dd8    00000020     ti_drivers_config.o (.bss.uart2TxRingBuffer0)
                  20003df8    00000020     OneLib.a : gattservapp.o (.bss)
                  20003e18    00000020     StackWrapper.a : gapbondmgr.o (.bss)
                  20003e38    00000020                    : gapbondmgr.o (.bss)
                  20003e58    00000020     (.common:ecdhCC26X2Objects)
                  20003e78    00000020     (.common:ti_sysbios_runtime_System_atexitHandlers)
                  20003e98    00000020     (.common:udmaCC26XXObject)
                  20003eb8    0000001c     drivers_cc26x2.a : GPIOCC26X2.c.obj (.bss.gpioHwi)
                  20003ed4    0000001c     (.common:BIOS_heapCallbackObject)
                  20003ef0    0000001c     (.common:BIOS_rtsGate)
                  20003f0c    0000001c     (.common:CryptoResourceCC26XX_hwi)
                  20003f28    0000001c     (.common:PKAResourceCC26XX_hwi)
                  20003f44    00000018     OneLib.a : gapgattserver.o (.bss)
                  20003f5c    00000018     (.common:aesccmCC26XXObjects)
                  20003f74    00000014     drivers_cc26x2.a : Random.c.obj (.bss.state)
                  20003f88    00000010     OneLib.a : ll.o (.bss)
                  20003f98    0000000c              : ll.o (.bss)
                  20003fa4    0000000c              : ll.o (.bss)
                  20003fb0    0000000c              : ll_scheduler.o (.bss)
                  20003fbc    0000000c     (.common:displayUart2Object)
                  20003fc8    00000008     simple_peripheral.o (.bss.setPhyCommStatList)
                  20003fd0    00000008     OneLib.a : ll.o (.bss)
                  20003fd8    00000008              : ll.o (.bss)
                  20003fe0    00000008              : ll_ae.o (.bss)
                  20003fe8    00000008     StackWrapper.a : gapbondmgr.o (.bss)
                  20003ff0    00000004     driverlib.lib : osc.o (.bss.oscHfGlobals.0)
                  20003ff4    00000004                   : osc.o (.bss.oscHfGlobals.2)
                  20003ff8    00000004                   : osc.o (.bss.oscHfGlobals.3)
                  20003ffc    00000004                   : osc.o (.bss.oscHfGlobals.4)
                  20004000    00000004     drivers_cc26x2.a : ECDHCC26X2.c.obj (.bss.resultPKAMemAddr)
                  20004004    00000004     simple_gatt_profile.o (.bss.simpleProfileChar4Config)
                  20004008    00000004     OneLib.a : gapgattserver.o (.bss)
                  2000400c    00000004              : gatt_client.o (.bss)
                  20004010    00000004              : gattservapp.o (.bss)
                  20004014    00000004              : linkdb.o (.bss)
                  20004018    00000004              : ll.o (.bss)
                  2000401c    00000004              : ll.o (.bss)
                  20004020    00000004              : ll.o (.bss)
                  20004024    00000004              : ll.o (.bss)
                  20004028    00000004              : ll.o (.bss)
                  2000402c    00000004              : ll_ae.o (.bss)
                  20004030    00000004              : ll_common.o (.bss)
                  20004034    00000004              : ll_enc.o (.bss)
                  20004038    00000004              : ll_privacy.o (.bss)
                  2000403c    00000004     StackWrapper.a : gapbondmgr.o (.bss)
                  20004040    00000004                    : gapbondmgr.o (.bss)
                  20004044    00000004                    : osal.o (.bss)
                  20004048    00000004                    : osal.o (.bss)
                  2000404c    00000004                    : osal.o (.bss)
                  20004050    00000004                    : osal.o (.bss)
                  20004054    00000004                    : osal.o (.bss)
                  20004058    00000004                    : osal.o (.bss)
                  2000405c    00000004                    : osal_bufmgr.o (.bss)
                  20004060    00000004                    : osal_bufmgr.o (.bss)
                  20004064    00000004                    : osal_clock.o (.bss)
                  20004068    00000004                    : osal_clock.o (.bss)
                  2000406c    00000004                    : osal_timers.o (.bss)
                  20004070    00000004                    : osal_timers.o (.bss)
                  20004074    00000004                    : osal_timers.o (.bss)
                  20004078    00000004     (.common:HEAPMGR_SIZE)
                  2000407c    00000004     (.common:PowerCC26XX_swiKey)
                  20004080    00000004     (.common:PowerCC26XX_taskKey)
                  20004084    00000004     (.common:tasksEvents)
                  20004088    00000004     (.common:ti_sysbios_family_arm_cc26xx_TimestampProvider_Module_state)
                  2000408c    00000004     (.common:ti_sysbios_knl_Task_defaultStackHeap)
                  20004090    00000004     (.common:uart)
                  20004094    00000002     OneLib.a : ll.o (.bss)
                  20004096    00000002              : ll_slave_end_causes.o (.bss)
                  20004098    00000002     StackWrapper.a : osal_pwrmgr.o (.bss)
                  2000409a    00000001     OneLib.a : gap_scanner.o (.bss)
                  2000409b    00000001              : gapgattserver.o (.bss)
                  2000409c    00000001              : gattservapp.o (.bss)
                  2000409d    00000001              : hci_tl.o (.bss)
                  2000409e    00000001              : hci_tl.o (.bss)
                  2000409f    00000001              : hci_tl.o (.bss)
                  200040a0    00000001              : hci_tl.o (.bss)
                  200040a1    00000001              : hci_tl.o (.bss)
                  200040a2    00000001              : hci_tl.o (.bss)
                  200040a3    00000001              : ll.o (.bss)
                  200040a4    00000001              : ll.o (.bss)
                  200040a5    00000001              : ll.o (.bss)
                  200040a6    00000001              : ll.o (.bss)
                  200040a7    00000001              : ll_ae.o (.bss)
                  200040a8    00000001              : ll_config.o (.bss)
                  200040a9    00000001              : ll_config.o (.bss)
                  200040aa    00000001              : ll_enc.o (.bss)
                  200040ab    00000001              : ll_isr.o (.bss)
                  200040ac    00000001              : sm_task.o (.bss)
                  200040ad    00000001     StackWrapper.a : ble_dispatch_lite.o (.bss)
                  200040ae    00000001                    : gapbondmgr.o (.bss)
                  200040af    00000001                    : gapbondmgr.o (.bss)
                  200040b0    00000001                    : hal_assert.o (.bss)
                  200040b1    00000001                    : osal.o (.bss)
                  200040b2    00000001                    : osal_pwrmgr.o (.bss)
                  200040b3    00000001     (.common:NVOCMP_size)
                  200040b4    00000001     (.common:gAction)
                  200040b5    00000001     (.common:nvsCC26XXObjects)

.vtable    0    200040b6    00000000     UNINITIALIZED

.vtable_ram 
*          0    200040b6    00000000     UNINITIALIZED

vtable_ram 
*          0    200040b6    00000000     UNINITIALIZED

.sysmem    0    200040b6    00000000     UNINITIALIZED

.nonretenvar 
*          0    200040b6    00000000     UNINITIALIZED

.ramVecs   0    20004100    000000d8     UNINITIALIZED
                  20004100    000000d8     ti_sysbios_config.o (.ramVecs)

.stack     0    20013c00    00000400     UNINITIALIZED
                  20013c00    00000004     sysbios.a : boot_cortex_m.c.obj (.stack)
                  20013c04    000003fc     --HOLE--

.TI.bound:flashBuf0 
*          0    00048000    00004000     UNINITIALIZED
                  00048000    00004000     ti_drivers_config.o (.TI.bound:flashBuf0)

.TI.bound:dmaUart0RxControlTableEntry 
*          0    20001810    00000010     UNINITIALIZED
                  20001810    00000010     ti_drivers_config.o (.TI.bound:dmaUart0RxControlTableEntry)

.TI.bound:dmaUart0TxControlTableEntry 
*          0    20001820    00000010     UNINITIALIZED
                  20001820    00000010     ti_drivers_config.o (.TI.bound:dmaUart0TxControlTableEntry)

.text      0    00000040    0001b310     
                  00000040    00000b48     StackWrapper.a : gapbondmgr.o (.text)
                  00000b88    000007b8     simple_peripheral.o (.text.SimplePeripheral_taskFxn)
                  00001340    00000724     OneLib.a : ll_adv_end_causes.o (.text)
                  00001a64    000006f8     StackWrapper.a : gapbondmgr.o (.text)
                  0000215c    00000514     OneLib.a : ble.o (.text)
                  00002670    000004ec              : ll_ae.o (.text)
                  00002b5c    00000490     rf_multiMode_cc26x2.a : RFCC26X2_multiMode.c.cc26x2.ticlang.o (.text.RF_fsmActiveState)
                  00002fec    00000478     OneLib.a : ll_isr.o (.text)
                  00003464    00000458              : ll_slave_end_causes.o (.text)
                  000038bc    00000448              : ll.o (.text)
                  00003d04    0000041c              : ll_scheduler.o (.text)
                  00004120    00000398              : ll_slave_end_causes.o (.text)
                  000044b8    00000344              : ll_ae.o (.text)
                  000047fc    00000338              : ll_ae.o (.text)
                  00004b34    00000334              : ll_scheduler.o (.text)
                  00004e68    00000330     ti_sysbios_config.o (.text.ti_sysbios_runtime_System_doPrint)
                  00005198    000002cc     nvocmp.o (.text.NVOCMP_initNvApi)
                  00005464    000002b0     StackWrapper.a : gapbondmgr.o (.text)
                  00005714    0000029c     rf_multiMode_cc26x2.a : RFCC26X2_multiMode.c.cc26x2.ticlang.o (.text.RF_open)
                  000059b0    0000029c     OneLib.a : ll_isr.o (.text)
                  00005c4c    00000294              : ll.o (.text)
                  00005ee0    00000290     nvocmp.o (.text.NVOCMP_compactPage)
                  00006170    00000274     OneLib.a : ll_ae.o (.text)
                  000063e4    00000264              : ll_common.o (.text)
                  00006648    00000264              : ll_isr.o (.text)
                  000068ac    0000025c     StackWrapper.a : gapbondmgr.o (.text)
                  00006b08    0000023c     nvocmp.o (.text.NVOCMP_addItem)
                  00006d44    0000023c     OneLib.a : ll_data.o (.text)
                  00006f80    00000220     drivers_cc26x2.a : ECDHCC26X2.c.obj (.text.ECDHCC26X2_hwiFxn)
                  000071a0    00000204     OneLib.a : gattservapp.o (.text)
                  000073a4    000001f4              : ll.o (.text)
                  00007598    000001f0     drivers_cc26x2.a : UART2CC26X2.c.obj (.text.UART2CC26X2_hwiIntFxn)
                  00007788    000001e8     rf_multiMode_cc26x2.a : RFCC26X2_multiMode.c.cc26x2.ticlang.o (.text.RF_scheduleCmd)
                  00007970    000001e0     StackWrapper.a : osal.o (.text)
                  00007b50    000001dc     rf_multiMode_cc26x2.a : RFCC26X2_multiMode.c.cc26x2.ticlang.o (.text.RF_dispatchNextCmd)
                  00007d2c    000001d2     drivers_cc26x2.a : UART2.c.obj (.text.UART2_readTimeout)
                  00007efe    00000002     ti_sysbios_config.o (.text.BIOS_nullFunc)
                  00007f00    000001c0     ble_user_config_stack.o (.text.setBleUserConfig)
                  000080c0    000001bc     OneLib.a : ll_scheduler.o (.text)
                  0000827c    000001b6     libclang_rt.builtins.a : adddf3.S.obj (.text)
                  00008432    00000002     ti_drivers_config.o (.text.Board_initHook)
                  00008434    000001a0     drivers_cc26x2.a : AESECBCC26XX.c.obj (.text.AESECB_addDataInternal)
                  000085d4    00000198     OneLib.a : ll_common.o (.text)
                  0000876c    00000196              : ll_common.o (.text)
                  00008902    00000002     ble_user_config.o (.text.DefaultAssertCback)
                  00008904    00000194     drivers_cc26x2.a : PowerCC26X2_calibrateRCOSC.c.obj (.text.PowerCC26X2_auxISR)
                  00008a98    0000018c                      : UART2CC26X2.c.obj (.text.UART2_open)
                  00008c24    00000188                      : AESCCMCC26XX.c.obj (.text.AESCCM_startOperation)
                  00008dac    00000188     OneLib.a : ll_ae.o (.text)
                  00008f34    00000184              : ll_isr.o (.text)
                  000090b8    0000017c     drivers_cc26x2.a : ECDHCC26X2.c.obj (.text.ECDH_computeSharedSecret)
                  00009234    00000178     OneLib.a : gattservapp.o (.text)
                  000093ac    00000174     drivers_cc26x2.a : UART2.c.obj (.text.UART2_writeTimeoutBlocking)
                  00009520    00000174     OneLib.a : ll_scheduler.o (.text)
                  00009694    00000164     icall.o (.text.ICall_waitMatch)
                  000097f8    00000160     OneLib.a : ll_ae.o (.text)
                  00009958    00000158     drivers_cc26x2.a : AESCTRCC26XX.c.obj (.text.AESCTR_processData)
                  00009ab0    00000158                      : PowerCC26X2.c.obj (.text.Power_sleep)
                  00009c08    00000158     OneLib.a : ll_common.o (.text)
                  00009d60    00000150              : gap_task.o (.text)
                  00009eb0    00000150              : ll_ae.o (.text)
                  0000a000    00000150              : ll_isr.o (.text)
                  0000a150    0000014c     rf_multiMode_cc26x2.a : RFCC26X2_multiMode.c.cc26x2.ticlang.o (.text.RF_radioOpDoneCb)
                  0000a29c    00000004     drivers_cc26x2.a : AESCTRDRBGXX.c.obj (.text.AESCTRDRBG_getBytes)
                  0000a2a0    00000144     ti_sysbios_config.o (.text.ti_sysbios_runtime_System_printfExtend)
                  0000a3e4    00000144     StackWrapper.a : osal.o (.text)
                  0000a528    00000140     OneLib.a : gattservapp.o (.text)
                  0000a668    00000140     StackWrapper.a : gap.o (.text)
                  0000a7a8    00000134     rf_multiMode_cc26x2.a : RFCC26X2_multiMode.c.cc26x2.ticlang.o (.text.RF_ratSetupChannel)
                  0000a8dc    00000130     driverlib.lib : aes.o (.text.NOROM_AESWriteToKeyStore)
                  0000aa0c    0000012c     rf_multiMode_cc26x2.a : RFCC26X2_multiMode.c.cc26x2.ticlang.o (.text.RF_close)
                  0000ab38    0000012c     drivers_cc26x2.a : TRNGCC26XX.c.obj (.text.TRNGCC26XX_hwiFxn)
                  0000ac64    00000124     rf_multiMode_cc26x2.a : RFCC26X2_multiMode.c.cc26x2.ticlang.o (.text.RF_abortCmd)
                  0000ad88    00000124                           : RFCC26X2_multiMode.c.cc26x2.ticlang.o (.text.RF_fsmSetupState)
                  0000aeac    00000120     nvocmp.o (.text.NVOCMP_findItem)
                  0000afcc    00000120     ti_sysbios_config.o (.text.ti_sysbios_family_arm_cc26xx_Timer_construct)
                  0000b0ec    00000120     OneLib.a : ll_common.o (.text)
                  0000b20c    00000120              : ll_data.o (.text)
                  0000b32c    0000011c     sysbios.a : Hwi_asm_gcc.s.obj (.text.ti_sysbios_family_arm_m3_Hwi_dispatch)
                  0000b448    0000011c     OneLib.a : sm_rsppairing.o (.text)
                  0000b564    0000011a     drivers_cc26x2.a : UART2.c.obj (.text.UART2_writeTimeoutNonblocking)
                  0000b67e    00000002     display_cc26x2.a : DisplayUart2.c.obj (.text.DisplayUart2Ansi_init)
                  0000b680    00000118     drivers_cc26x2.a : PowerCC26X2.c.obj (.text.Power_init)
                  0000b798    00000118     rf_multiMode_cc26x2.a : RFCC26X2_multiMode.c.cc26x2.ticlang.o (.text.RF_decodeOverridePointers)
                  0000b8b0    00000114     OneLib.a : ll_common.o (.text)
                  0000b9c4    0000010c     main.o (.text.AssertHandler)
                  0000bad0    0000010c     drivers_cc26x2.a : ECDHCC26X2.c.obj (.text.ECDH_generatePublicKey)
                  0000bbdc    0000010c                      : PowerCC26X2_calibrateRCOSC.c.obj (.text.PowerCC26X2_calibrate)
                  0000bce8    0000010a     OneLib.a : gatt_client.o (.text)
                  0000bdf2    00000002     rom_init.o (.text.MAP_HCI_CteRequestFailedEvent)
                  0000bdf4    00000108     drivers_cc26x2.a : NVSCC26XX.c.obj (.text.NVSCC26XX_write)
                  0000befc    00000108     rf_multiMode_cc26x2.a : RFCC26X2_multiMode.c.cc26x2.ticlang.o (.text.RF_fsmPowerUpState)
                  0000c004    00000104     drivers_cc26x2.a : GPIOCC26X2.c.obj (.text.GPIO_init)
                  0000c108    00000104                      : UART2CC26X2.c.obj (.text.UART2CC26X2_initHw)
                  0000c20c    00000102                      : AESCTRDRBGXX.c.obj (.text.AESCTRDRBG_getRandomBytes)
                  0000c30e    000000fe     OneLib.a : ll_scheduler.o (.text)
                  0000c40c    000000fc     rf_multiMode_cc26x2.a : RFCC26X2_multiMode.c.cc26x2.ticlang.o (.text.RF_hwiCpe0Active)
                  0000c508    000000fc     OneLib.a : ll_isr.o (.text)
                  0000c604    000000fc     libclang_rt.builtins.a : muldf3.S.obj (.text)
                  0000c700    000000f8     drivers_cc26x2.a : TRNGCC26XX.c.obj (.text.TRNG_getRandom)
                  0000c7f8    000000f8     OneLib.a : ll_scheduler.o (.text)
                  0000c8f0    000000f8              : sm_rsppairing.o (.text)
                  0000c9e8    000000f4     driverlib.lib : sys_ctrl.o (.text.NOROM_SysCtrlStandby)
                  0000cadc    000000f0     drivers_cc26x2.a : UART2CC26X2.c.obj (.text.UART2Support_dmaStartRx)
                  0000cbcc    000000f0     OneLib.a : ll_ae.o (.text)
                  0000ccbc    000000ec              : gap_advertiser.o (.text)
                  0000cda8    000000ec              : ll_ae.o (.text)
                  0000ce94    000000ec              : ll_common.o (.text)
                  0000cf80    000000ec              : ll_common.o (.text)
                  0000d06c    000000e8     drivers_cc26x2.a : AESCTRDRBGXX.c.obj (.text.AESCTRDRBG_construct)
                  0000d154    000000e4     driverlib.lib : setup.o (.text.NOROM_SetupTrimDevice)
                  0000d238    000000e4     ti_sysbios_config.o (.text.ti_sysbios_knl_Semaphore_pend)
                  0000d31c    000000e2     OneLib.a : gapgattserver.o (.text)
                  0000d3fe    00000002     rom_init.o (.text.MAP_llClearPeriodicAdvSets)
                  0000d400    000000e0     ti_sysbios_config.o (.text.ti_sysbios_knl_Event_pend)
                  0000d4e0    000000e0     OneLib.a : ll_scheduler.o (.text)
                  0000d5c0    000000e0     StackWrapper.a : osal_timers.o (.text)
                  0000d6a0    000000dc     rf_multiMode_cc26x2.a : RFCC26X2_multiMode.c.cc26x2.ticlang.o (.text.RF_control)
                  0000d77c    000000dc     OneLib.a : ll_ae.o (.text)
                  0000d858    000000d8     devinfoservice.o (.text.DevInfo_SetParameter)
                  0000d930    000000d8     ti_sysbios_config.o (.text.ti_sysbios_family_arm_m3_Hwi_excFillContext)
                  0000da08    000000d0     drivers_cc26x2.a : PowerCC26X2.c.obj (.text.configureXOSCHF)
                  0000dad8    000000cc                      : AESCTRDRBGXX.c.obj (.text.AESCTRDRBG_reseed)
                  0000dba4    000000cc     ti_sysbios_config.o (.text.ti_sysbios_knl_Clock_workFuncDynamic)
                  0000dc70    000000cc     OneLib.a : hci_event.o (.text)
                  0000dd3c    000000cc     StackWrapper.a : osal.o (.text)
                  0000de08    000000ca     rf_multiMode_cc26x2.a : RFCC26X2_multiMode.c.cc26x2.ticlang.o (.text.RF_updatePaConfiguration)
                  0000ded2    00000002     rom_init.o (.text.MAP_llClearPeriodicScanSets)
                  0000ded4    000000c8     OneLib.a : gap_scanner.o (.text)
                  0000df9c    000000c8              : ll.o (.text)
                  0000e064    000000c8              : ll_ae.o (.text)
                  0000e12c    000000c4     driverlib.lib : setup.o (.text.TrimAfterColdResetWakeupFromShutDown)
                  0000e1f0    000000c4     OneLib.a : gapgattserver.o (.text)
                  0000e2b4    000000c4              : ll_ae.o (.text)
                  0000e378    000000c0              : ll.o (.text)
                  0000e438    000000c0              : ll_isr.o (.text)
                  0000e4f8    000000c0              : ll_scheduler.o (.text)
                  0000e5b8    000000bc     rf_multiMode_cc26x2.a : RFCC26X2_multiMode.c.cc26x2.ticlang.o (.text.RF_swiHw)
                  0000e674    000000bc     drivers_cc26x2.a : UART2CC26X2.c.obj (.text.UART2Support_dmaStartTx)
                  0000e730    000000bc     OneLib.a : ble.o (.text)
                  0000e7ec    000000bc              : ll_ecc.o (.text)
                  0000e8a8    000000b8     devinfoservice.o (.text.devInfo_ReadAttrCB)
                  0000e960    000000b8     ti_ble_config.o (.text.setBondManagerParameters)
                  0000ea18    000000b8     ti_sysbios_config.o (.text.ti_sysbios_knl_Task_Instance_finalize)
                  0000ead0    000000b8     OneLib.a : ll.o (.text)
                  0000eb88    000000b8              : ll_slave_end_causes.o (.text)
                  0000ec40    000000b8     StackWrapper.a : gattservapp_util.o (.text)
                  0000ecf8    000000b4     drivers_cc26x2.a : ECDHCC26X2.c.obj (.text.ECDHCC26X2_getKeyResult)
                  0000edac    000000b4     driverlib.lib : osc.o (.text.NOROM_OSCHF_AttemptToSwitchToXosc)
                  0000ee60    000000b4     ti_sysbios_config.o (.text.PowerCC26XX_standbyPolicy)
                  0000ef14    000000b4     drivers_cc26x2.a : PowerCC26X2.c.obj (.text.Power_releaseDependency)
                  0000efc8    000000b4     ti_sysbios_config.o (.text.ti_sysbios_knl_Task_setPri)
                  0000f07c    000000b4     OneLib.a : gap_scanner.o (.text)
                  0000f130    000000b4     StackWrapper.a : gapbondmgr.o (.text)
                  0000f1e4    000000b0     drivers_cc26x2.a : PowerCC26X2.c.obj (.text.Power_setDependency)
                  0000f294    000000b0     OneLib.a : ll_enc.o (.text)
                  0000f344    000000b0     StackWrapper.a : gapbondmgr.o (.text)
                  0000f3f4    000000b0                    : gattservapp_util.o (.text)
                  0000f4a4    000000b0     libclang_rt.builtins.a : udivmoddi4.S.obj (.text)
                  0000f554    000000ac     rf_multiMode_cc26x2.a : RFCC26X2_multiMode.c.cc26x2.ticlang.o (.text.RF_pendCmd)
                  0000f600    000000ac     StackWrapper.a : gapbondmgr.o (.text)
                  0000f6ac    000000a8     OneLib.a : hci_data.o (.text)
                  0000f754    000000a8              : ll.o (.text)
                  0000f7fc    000000a8              : ll_common.o (.text)
                  0000f8a4    000000a8     StackWrapper.a : osal_cbtimer.o (.text)
                  0000f94c    000000a4     drivers_cc26x2.a : AESCTRCC26XX.c.obj (.text.AESCTR_startOneStepOperation)
                  0000f9f0    000000a4     icall.o (.text.ICall_heapMalloc)
                  0000fa94    000000a4     rf_multiMode_cc26x2.a : RFCC26X2_multiMode.c.cc26x2.ticlang.o (.text.RF_initRadioSetup)
                  0000fb38    000000a4     ti_sysbios_config.o (.text.ti_sysbios_knl_Task_Instance_init)
                  0000fbdc    000000a4     OneLib.a : ll_ae.o (.text)
                  0000fc80    000000a0     rf_multiMode_cc26x2.a : RFCC26X2_multiMode.c.cc26x2.ticlang.o (.text.RF_calculateDispatchTime)
                  0000fd20    000000a0     OneLib.a : gattservapp.o (.text)
                  0000fdc0    000000a0              : ll_common.o (.text)
                  0000fe60    000000a0              : ll_scheduler.o (.text)
                  0000ff00    0000009c     display_cc26x2.a : DisplayUart2.c.obj (.text.DisplayUart2Ansi_clearLines)
                  0000ff9c    0000009c     OneLib.a : ll_common.o (.text)
                  00010038    0000009c              : ll_ecc.o (.text)
                  000100d4    0000009a     drivers_cc26x2.a : UART2.c.obj (.text.UART2_writeCancel)
                  0001016e    00000002     rom_init.o (.text.MAP_llCoexInit)
                  00010170    00000098     nvocmp.o (.text.NVOCMP_erase)
                  00010208    00000098     rf_multiMode_cc26x2.a : RFCC26X2_multiMode.c.cc26x2.ticlang.o (.text.RF_defaultSubmitPolicy)
                  000102a0    00000098     simple_peripheral.o (.text.SimplePeripheral_updatePHYStat)
                  00010338    00000098     drivers_cc26x2.a : UART2CC26X2.c.obj (.text.UART2_close)
                  000103d0    00000098     OneLib.a : gattservapp.o (.text)
                  00010468    00000098              : hci_event.o (.text)
                  00010500    00000096     rf_multiMode_cc26x2.a : RFCC26X2_multiMode.c.cc26x2.ticlang.o (.text.RF_verifyGap)
                  00010596    00000002     rom_init.o (.text.MAP_llCoexSetParams)
                  00010598    00000094     rf_multiMode_cc26x2.a : RFCC26X2_multiMode.c.cc26x2.ticlang.o (.text.RF_ratRestartChannels)
                  0001062c    00000094     ti_sysbios_config.o (.text.ti_sysbios_knl_Clock_startI)
                  000106c0    00000094     OneLib.a : gatt_server.o (.text)
                  00010754    00000094              : ll.o (.text)
                  000107e8    00000094              : ll_common.o (.text)
                  0001087c    00000094              : ll_scheduler.o (.text)
                  00010910    00000092              : gap_task.o (.text)
                  000109a2    00000002     rom_init.o (.text.MAP_llCoexUpdateCounters)
                  000109a4    00000090     display_cc26x2.a : DisplayUart2.c.obj (.text.DisplayUart2Ansi_vprintf)
                  00010a34    00000090     drivers_cc26x2.a : GPIOCC26XX.c.obj (.text.GPIO_setConfigAndMux)
                  00010ac4    00000090     simple_peripheral.o (.text.SimplePeripheral_InputReact)
                  00010b54    00000090     osal_icall_ble.o (.text.osalInitTasks)
                  00010be4    00000090     OneLib.a : ll.o (.text)
                  00010c74    0000008c     simple_gatt_profile.o (.text.SimpleProfile_SetParameter)
                  00010d00    0000008c     drivers_cc26x2.a : TRNGCC26XX.c.obj (.text.TRNG_construct)
                  00010d8c    0000008c     ti_sysbios_config.o (.text.ti_sysbios_knl_Clock_init)
                  00010e18    0000008c     OneLib.a : ll_ae.o (.text)
                  00010ea4    00000088     rf_multiMode_cc26x2.a : RFCC26X2_multiMode.c.cc26x2.ticlang.o (.text.RF_cmdDispatchTime)
                  00010f2c    00000088                           : RFCC26X2_multiMode.c.cc26x2.ticlang.o (.text.RF_discardPendCmd)
                  00010fb4    00000088     simple_peripheral.o (.text.SimplePeripheral_processParamUpdate)
                  0001103c    00000088     OneLib.a : ll_isr.o (.text)
                  000110c4    00000088              : sm_rsppairing.o (.text)
                  0001114c    00000088     StackWrapper.a : osal_cbtimer.o (.text)
                  000111d4    00000084     icall.o (.text.ICall_setTimer)
                  00011258    00000084     nvocmp.o (.text.NVOCMP_readHeader)
                  000112dc    00000084     rf_multiMode_cc26x2.a : RFCC26X2_multiMode.c.cc26x2.ticlang.o (.text.RF_getInfo)
                  00011360    00000082     OneLib.a : ll_ae.o (.text)
                  000113e2    00000002     rom_init.o (.text.MAP_llDmmDynamicFree)
                  000113e4    00000080     drivers_cc26x2.a : AESCTRCC26XX.c.obj (.text.AESCTR_hwiFxn)
                  00011464    00000080     driverlib.lib : sys_ctrl.o (.text.NOROM_SysCtrlSetRechargeBeforePowerDown)
                  000114e4    00000080     drivers_cc26x2.a : UART2CC26X2.c.obj (.text.UART2Support_dmaStopTx)
                  00011564    00000080                      : NVSCC26XX.c.obj (.text.doErase)
                  000115e4    00000080     ti_sysbios_config.o (.text.ti_sysbios_family_arm_m3_Hwi_initNVIC)
                  00011664    00000080     ti_sysbios_config.o (.text.ti_sysbios_gates_GateMutexPri_enter)
                  000116e4    00000080     OneLib.a : ll_enc.o (.text)
                  00011764    0000007e     driverlib.lib : chipinfo.o (.text.NOROM_ChipInfo_GetChipType)
                  000117e2    0000007e     OneLib.a : gap_task.o (.text)
                  00011860    0000007c     rf_multiMode_cc26x2.a : RFCC26X2_multiMode.c.cc26x2.ticlang.o (.text.RF_ratDisableChannel)
                  000118dc    0000007c     libclang_rt.builtins.a : comparedf2.c.obj (.text.__gedf2)
                  00011958    0000007c                            : comparedf2.c.obj (.text.__ledf2)
                  000119d4    0000007c     icall.o (.text.icall_directAPI)
                  00011a50    0000007c     ti_sysbios_config.o (.text.ti_sysbios_family_arm_m3_Hwi_postInit)
                  00011acc    0000007c     StackWrapper.a : gapbondmgr.o (.text)
                  00011b48    0000007a     drivers_cc26x2.a : AESCTRDRBGXX.c.obj (.text.AESCTRDRBGXX_updateState)
                  00011bc2    00000002     rom_init.o (.text.MAP_llDmmSetThreshold)
                  00011bc4    00000078     icall.o (.text.ICall_heapInit)
                  00011c3c    00000078     driverlib.lib : osc.o (.text.NOROM_OSCHF_SwitchToRcOscTurnOffXosc)
                  00011cb4    00000078                   : osc.o (.text.NOROM_OSC_CapArrayAdjustWorkaround_Boot)
                  00011d2c    00000078     drivers_cc26x2.a : NVSCC26XX.c.obj (.text.NVSCC26XX_open)
                  00011da4    00000078     rf_multiMode_cc26x2.a : RFCC26X2_multiMode.c.cc26x2.ticlang.o (.text.RF_ratFreeChannel)
                  00011e1c    00000078     simple_gatt_profile.o (.text.simpleProfile_WriteAttrCB)
                  00011e94    00000078     ti_sysbios_config.o (.text.ti_sysbios_knl_Task_postInit)
                  00011f0c    00000078     OneLib.a : l2cap_task.o (.text)
                  00011f84    00000078              : ll_common.o (.text)
                  00011ffc    00000078     StackWrapper.a : osal_bufmgr.o (.text)
                  00012074    00000078                    : osal_cbtimer.o (.text)
                  000120ec    00000076     OneLib.a : gattservapp.o (.text)
                  00012162    00000076              : ll_common.o (.text)
                  000121d8    00000076     StackWrapper.a : gap.o (.text)
                  0001224e    00000002     rom_init.o (.text.MAP_llHealthUpdate)
                  00012250    00000074     nvocmp.o (.text.NVOCMP_readItemApi)
                  000122c4    00000074     drivers_cc26x2.a : PowerCC26X2_calibrateRCOSC_helpers.c.obj (.text.PowerCC26X2_updateSubSecInc)
                  00012338    00000074     rf_multiMode_cc26x2.a : RFCC26X2_multiMode.c.cc26x2.ticlang.o (.text.RF_hwiHw)
                  000123ac    00000074     ti_sysbios_config.o (.text.ti_sysbios_knl_Swi_restoreHwi)
                  00012420    00000074     ti_sysbios_config.o (.text.ti_sysbios_knl_Task_startup)
                  00012494    00000074     OneLib.a : gap_linkmgr.o (.text)
                  00012508    00000074              : ll.o (.text)
                  0001257c    00000074              : ll_common.o (.text)
                  000125f0    00000074              : ll_common.o (.text)
                  00012664    00000074              : ll_enc.o (.text)
                  000126d8    00000070     drivers_cc26x2.a : AESCCMCC26XX.c.obj (.text.AESCCM_cleanup)
                  00012748    00000070                      : AESCTRCC26XX.c.obj (.text.AESCTR_construct)
                  000127b8    00000070                      : AESECBCC26XX.c.obj (.text.AESECB_construct)
                  00012828    00000070     icall.o (.text.ICall_createRemoteTasksAtRuntime)
                  00012898    00000070     nvocmp.o (.text.NVOCMP_writeItemApi)
                  00012908    00000070     ti_sysbios_config.o (.text.ti_sysbios_family_arm_m3_Hwi_Instance_init)
                  00012978    00000070     ti_sysbios_config.o (.text.ti_sysbios_runtime_System_formatNum)
                  000129e8    00000070     OneLib.a : gatt_server.o (.text)
                  00012a58    00000070              : ll_ae.o (.text)
                  00012ac8    00000070              : ll_common.o (.text)
                  00012b38    00000070              : ll_common.o (.text)
                  00012ba8    00000070              : ll_enc.o (.text)
                  00012c18    00000070              : sm_rsppairing.o (.text)
                  00012c88    00000070     StackWrapper.a : osal.o (.text)
                  00012cf8    0000006c     drivers_cc26x2.a : AESECBCC26XX.c.obj (.text.AESECB_hwiFxn)
                  00012d64    0000006c     icall_cc2650.o (.text.ICallPlatform_pwrUpdActivityCounter)
                  00012dd0    0000006c     icall.o (.text.ICall_wait)
                  00012e3c    0000006c     nvocmp.o (.text.NVOCMP_eraseNvApi)
                  00012ea8    0000006c     rf_multiMode_cc26x2.a : RFCC26X2_multiMode.c.cc26x2.ticlang.o (.text.RF_issueRadioFreeCb)
                  00012f14    0000006c     drivers_cc26x2.a : Random.c.obj (.text.Random_seedAutomatic)
                  00012f80    0000006c                      : PowerCC26X2.c.obj (.text.oscillatorISR)
                  00012fec    0000006c     ti_sysbios_config.o (.text.ti_sysbios_family_arm_m3_Hwi_dispatchC)
                  00013058    0000006c     OneLib.a : gatt_server.o (.text)
                  000130c4    0000006c              : ll_isr.o (.text)
                  00013130    0000006c     StackWrapper.a : osal_cbtimer.o (.text)
                  0001319c    0000006a     nvocmp.o (.text.NVOCMP_verifyCRC)
                  00013206    0000006a     libc.a : copy_decompress_lzss.c.obj (.text:decompress:lzss)
                  00013270    00000068     icall.o (.text.ICall_enrollService)
                  000132d8    00000068     icall.o (.text.ICall_send)
                  00013340    00000068     icall.o (.text.ICall_sendServiceComplete)
                  000133a8    00000068     rf_multiMode_cc26x2.a : RFCC26X2_multiMode.c.cc26x2.ticlang.o (.text.RF_detachOverrides)
                  00013410    00000068     drivers_cc26x2.a : UART2CC26X2.c.obj (.text.UART2Support_dmaStopRx)
                  00013478    00000068     ti_sysbios_config.o (.text.ti_sysbios_knl_Event_post)
                  000134e0    00000068     ti_sysbios_config.o (.text.ti_sysbios_knl_Swi_run)
                  00013548    00000068     OneLib.a : gap_task.o (.text)
                  000135b0    00000068              : ll.o (.text)
                  00013618    00000068              : ll_ae.o (.text)
                  00013680    00000068              : ll_common.o (.text)
                  000136e8    00000068     StackWrapper.a : osal_timers.o (.text)
                  00013750    00000066                    : icall_lite_translation.o (.text)
                  000137b6    00000002     rom_init.o (.text.MAP_llMaster_TaskEnd)
                  000137b8    00000064     drivers_cc26x2.a : AESCCMCC26XX.c.obj (.text.AESCCM_hwiFxn)
                  0001381c    00000064     display_cc26x2.a : DisplayUart2.c.obj (.text.DisplayUart2Ansi_open)
                  00013880    00000064     drivers_cc26x2.a : PowerCC26X2_calibrateRCOSC.c.obj (.text.PowerCC26X2_initiateCalibration)
                  000138e4    00000064     rf_multiMode_cc26x2.a : RFCC26X2_multiMode.c.cc26x2.ticlang.o (.text.RF_attachOverrides)
                  00013948    00000064                           : RFCC26X2_multiMode.c.cc26x2.ticlang.o (.text.RF_dispatchNextEvent)
                  000139ac    00000064                           : RFCC26X2_multiMode.c.cc26x2.ticlang.o (.text.RF_hwiCpe0PowerFsm)
                  00013a10    00000064     drivers_cc26x2.a : UDMACC26XX.c.obj (.text.UDMACC26XX_open)
                  00013a74    00000064     ti_sysbios_config.o (.text.ti_sysbios_gates_GateMutexPri_leave)
                  00013ad8    00000064     ti_sysbios_config.o (.text.ti_sysbios_knl_Idle_init)
                  00013b3c    00000064     ti_sysbios_config.o (.text.ti_sysbios_knl_TaskSupport_buildTaskStack)
                  00013ba0    00000064     OneLib.a : gapgattserver.o (.text)
                  00013c04    00000064              : gattservapp.o (.text)
                  00013c68    00000064              : gattservapp.o (.text)
                  00013ccc    00000064              : ll_common.o (.text)
                  00013d30    00000064              : ll_isr.o (.text)
                  00013d94    00000064              : ll_scheduler.o (.text)
                  00013df8    00000062     rf_multiMode_cc26x2.a : RFCC26X2_multiMode.c.cc26x2.ticlang.o (.text.RF_syncCb)
                  00013e5a    00000002     rom_init.o (.text.MAP_llPeriodicAdv_PostProcess)
                  00013e5c    00000062     libclang_rt.builtins.a : aeabi_dcmp.S.obj (.text)
                  00013ebe    00000002     rom_init.o (.text.MAP_llProcessPeriodicScanRxFIFO)
                  00013ec0    00000060     drivers_cc26x2.a : CryptoResourceCC26XX.c.obj (.text.CryptoResourceCC26XX_constructRTOSObjects)
                  00013f20    00000060     nvocmp.o (.text.NVOCMP_checkItem)
                  00013f80    00000060     drivers_cc26x2.a : PKAResourceCC26XX.c.obj (.text.PKAResourceCC26XX_constructRTOSObjects)
                  00013fe0    00000060     main.o (.text.main)
                  00014040    00000060     osal_icall_ble.o (.text.stack_main)
                  000140a0    00000060     ti_sysbios_config.o (.text.ti_sysbios_knl_Clock_walkQueueDynamic)
                  00014100    00000060     ti_sysbios_config.o (.text.ti_sysbios_knl_Semaphore_post)
                  00014160    00000060     ti_sysbios_config.o (.text.ti_sysbios_knl_Swi_schedule)
                  000141c0    00000060     OneLib.a : ll_common.o (.text)
                  00014220    00000060              : sm_pairing.o (.text)
                  00014280    00000060     StackWrapper.a : gapbondmgr.o (.text)
                  000142e0    0000005e     rf_multiMode_cc26x2.a : rfc.c.cc26x2.ticlang.o (.text.NOROM_RFCAnaDivTxOverride)
                  0001433e    0000005e     OneLib.a : ll_common.o (.text)
                  0001439c    0000005c     drivers_cc26x2.a : TRNGCC26XX.c.obj (.text.TRNGCC26XX_startTrng)
                  000143f8    0000005c     rf_multiMode_cc26x2.a : rf_patch_mce_bt5.c.cc26x2.ticlang.o (.text.rf_patch_mce_bt5)
                  00014454    0000005c     simple_gatt_profile.o (.text.simpleProfile_ReadAttrCB)
                  000144b0    0000005c     OneLib.a : gap_perilinkmgr.o (.text)
                  0001450c    0000005c              : ll_scheduler.o (.text)
                  00014568    0000005c              : sm_intpairing.o (.text)
                  000145c4    0000005c              : sm_rsppairing.o (.text)
                  00014620    0000005c     StackWrapper.a : gapbondmgr.o (.text)
                  0001467c    0000005a     OneLib.a : hci.o (.text)
                  000146d6    00000002     rom_init.o (.text.MAP_llSetPeriodicSyncInfo)
                  000146d8    00000058     drivers_cc26x2.a : ECDHCC26X2.c.obj (.text.ECDH_construct)
                  00014730    00000058     icall.o (.text.HEAPMGR_GETLARGESTFREEBUF)
                  00014788    00000058     icall.o (.text.ICall_fetchMsg)
                  000147e0    00000058     rf_multiMode_cc26x2.a : RFCC26X2_multiMode.c.cc26x2.ticlang.o (.text.RF_applyRfCorePatch)
                  00014838    00000058     drivers_cc26x2.a : TRNGCC26XX.c.obj (.text.TRNG_init)
                  00014890    00000058     sysbios.a : Hwi_asm_switch_gcc.s.obj (.text.ti_sysbios_family_arm_m3_Hwi_initStacks)
                  000148e8    00000058     OneLib.a : gap_scanner.o (.text)
                  00014940    00000058              : ll_ae.o (.text)
                  00014998    00000058              : ll_common.o (.text)
                  000149f0    00000058              : ll_enc.o (.text)
                  00014a48    00000058              : ll_isr.o (.text)
                  00014aa0    00000058              : sm_pairing.o (.text)
                  00014af8    00000058     StackWrapper.a : sm_ecc.o (.text)
                  00014b50    00000056     drivers_cc26x2.a : StructRingBuf.c.obj (.text.StructRingBuf_put)
                  00014ba6    00000056                      : UART2.c.obj (.text.UART2_readCancel)
                  00014bfc    00000056     StackWrapper.a : gapbondmgr.o (.text)
                  00014c52    00000002     rom_init.o (.text.MAP_llTerminatePeriodicScan)
                  00014c54    00000054     drivers_cc26x2.a : AESCCMCC26XX.c.obj (.text.AESCCM_construct)
                  00014ca8    00000054     icall.o (.text.ICall_registerApp)
                  00014cfc    00000054     nvocmp.o (.text.NVOCMP_compactNvApi)
                  00014d50    00000054     nvocmp.o (.text.NVOCMP_getDstPage)
                  00014da4    00000054     rf_multiMode_cc26x2.a : RFCC26X2_multiMode.c.cc26x2.ticlang.o (.text.RF_getCurrentTime)
                  00014df8    00000054     util.o (.text.Util_constructClock)
                  00014e4c    00000054     OneLib.a : gattservapp.o (.text)
                  00014ea0    00000054              : hci_event.o (.text)
                  00014ef4    00000054              : linkdb.o (.text)
                  00014f48    00000054              : ll.o (.text)
                  00014f9c    00000054              : ll_ae.o (.text)
                  00014ff0    00000054              : ll_ae.o (.text)
                  00015044    00000054              : ll_ae.o (.text)
                  00015098    00000052     driverlib.lib : chipinfo.o (.text.NOROM_ChipInfo_GetHwRevision)
                  000150ea    00000052     OneLib.a : gap_centlinkmgr.o (.text)
                  0001513c    00000050     ti_drivers_config.o (.text.Board_shutDownExtFlash)
                  0001518c    00000050     display_cc26x2.a : Display.c.obj (.text.Display_doOpen)
                  000151dc    00000050     nvocmp.o (.text.NVOCMP_loadApiPtrsMin)
                  0001522c    00000050     rf_multiMode_cc26x2.a : RFCC26X2_multiMode.c.cc26x2.ticlang.o (.text.RF_wakeupNotification)
                  0001527c    00000050     simple_gatt_profile.o (.text.SimpleProfile_AddService)
                  000152cc    00000050     ti_sysbios_config.o (.text.ti_sysbios_knl_Swi_post)
                  0001531c    00000050     ti_sysbios_config.o (.text.ti_sysbios_knl_Swi_runLoop)
                  0001536c    00000050     ti_sysbios_config.o (.text.ti_sysbios_knl_Task_schedule)
                  000153bc    00000050     OneLib.a : gap_perilinkmgr.o (.text)
                  0001540c    00000050              : gattservapp.o (.text)
                  0001545c    00000050              : hci_tl.o (.text)
                  000154ac    00000050              : ll_common.o (.text)
                  000154fc    00000050              : ll_enc.o (.text)
                  0001554c    00000050     StackWrapper.a : osal.o (.text)
                  0001559c    00000050                    : osal_clock.o (.text)
                  000155ec    0000004e     drivers_cc26x2.a : AESECBCC26XX.c.obj (.text.AESECB_startOperation)
                  0001563a    0000004e     ti_drivers_config.o (.text.Board_sendExtFlashByte)
                  00015688    0000004e     nvocmp.o (.text.NVOCMP_readItem)
                  000156d6    0000004e     StackWrapper.a : gap.o (.text)
                  00015724    0000004c     ti_sysbios_config.o (.text.BIOS_startFunc)
                  00015770    0000004c     drivers_cc26x2.a : CryptoUtils.c.obj (.text.CryptoUtils_reverseCopyPad)
                  000157bc    0000004c     icall.o (.text.ICall_newTask)
                  00015808    0000004c     driverlib.lib : osc.o (.text.NOROM_OSC_HPOSCRelativeFrequencyOffsetGet)
                  00015854    0000004c     nvocmp.o (.text.NVOCMP_setItemInactive)
                  000158a0    0000004c     drivers_cc26x2.a : NVSCC26XX.c.obj (.text.NVSCC26XX_init)
                  000158ec    0000004c                      : NVSCC26XX.c.obj (.text.NVSCC26XX_read)
                  00015938    0000004c     rf_multiMode_cc26x2.a : RFCC26X2_multiMode.c.cc26x2.ticlang.o (.text.RF_fsmXOSCState)
                  00015984    0000004c     drivers_cc26x2.a : StructRingBuf.c.obj (.text.StructRingBuf_get)
                  000159d0    0000004c     rf_multiMode_cc26x2.a : rf_patch_cpe_bt5.c.cc26x2.ticlang.o (.text.configureBt5Patch)
                  00015a1c    0000004c     drivers_cc26x2.a : PowerCC26X2.c.obj (.text.switchXOSCHF)
                  00015a68    0000004c     ti_sysbios_config.o (.text.ti_sysbios_knl_Swi_Instance_init)
                  00015ab4    0000004c     ti_sysbios_config.o (.text.ti_sysbios_runtime_Startup_exec)
                  00015b00    0000004c     OneLib.a : ble.o (.text)
                  00015b4c    0000004c              : ll_common.o (.text)
                  00015b98    0000004c              : ll_scheduler.o (.text)
                  00015be4    0000004c              : ll_scheduler.o (.text)
                  00015c30    0000004c     StackWrapper.a : gattservapp_util.o (.text)
                  00015c7c    00000048     rom_init.o (.text.MAP_llInitFeatureSet)
                  00015cc4    00000048     driverlib.lib : aux_sysif.o (.text.NOROM_AUXSYSIFOpModeChange)
                  00015d0c    00000048     rf_multiMode_cc26x2.a : rfc.c.cc26x2.ticlang.o (.text.NOROM_RFCSynthPowerDown)
                  00015d54    00000048     drivers_cc26x2.a : NVS.c.obj (.text.NVS_open)
                  00015d9c    00000048                      : PowerCC26X2.c.obj (.text.PowerCC26XX_switchXOSC_HF)
                  00015de4    00000048     simple_peripheral.o (.text.SimplePeripheral_clearConnListEntry)
                  00015e2c    00000048     drivers_cc26x2.a : UART2.c.obj (.text.UART2_readFull)
                  00015e74    00000048     uart2echo.o (.text.createUART)
                  00015ebc    00000048     ti_sysbios_config.o (.text.ti_sysbios_family_arm_cc26xx_Timer_start)
                  00015f04    00000048     OneLib.a : att_util.o (.text)
                  00015f4c    00000048              : gattservapp.o (.text)
                  00015f94    00000048              : ll.o (.text)
                  00015fdc    00000048              : ll.o (.text)
                  00016024    00000048              : ll_common.o (.text)
                  0001606c    00000048              : ll_common.o (.text)
                  000160b4    00000048     libclang_rt.builtins.a : fixdfsi.S.obj (.text)
                  000160fc    00000046     drivers_cc26x2.a : RingBuf.c.obj (.text.RingBuf_put)
                  00016142    00000002     rom_init.o (.text.MAP_llUpdateCteState)
                  00016144    00000044     ti_sysbios_config.o (.text.BIOS_atExitFunc)
                  00016188    00000044     drivers_cc26x2.a : GPIOCC26X2.c.obj (.text.GPIO_hwiIntFxn)
                  000161cc    00000044     icall.o (.text.ICall_getEntityId)
                  00016210    00000044     driverlib.lib : prcm.o (.text.NOROM_PRCMPowerDomainsAllOff)
                  00016254    00000044                   : prcm.o (.text.NOROM_PRCMPowerDomainsAllOn)
                  00016298    00000044     rf_multiMode_cc26x2.a : RFCC26X2_multiMode.c.cc26x2.ticlang.o (.text.RF_cmdGet)
                  000162dc    00000044                           : RFCC26X2_multiMode.c.cc26x2.ticlang.o (.text.RF_updatePowerupDuration)
                  00016320    00000044     ti_sysbios_config.o (.text.ti_sysbios_family_arm_m3_Hwi_Instance_finalize)
                  00016364    00000044     ti_sysbios_config.o (.text.ti_sysbios_family_arm_m3_Hwi_construct2)
                  000163a8    00000044     ti_sysbios_config.o (.text.ti_sysbios_family_arm_m3_Hwi_disableInterrupt)
                  000163ec    00000044     ti_sysbios_config.o (.text.ti_sysbios_family_arm_m3_Hwi_enableInterrupt)
                  00016430    00000044     ti_sysbios_config.o (.text.ti_sysbios_knl_Swi_restore)
                  00016474    00000044     OneLib.a : ll.o (.text)
                  000164b8    00000044              : ll.o (.text)
                  000164fc    00000044              : ll_ae.o (.text)
                  00016540    00000044     StackWrapper.a : osal.o (.text)
                  00016584    00000044                    : osal_timers.o (.text)
                  000165c8    00000044     libclang_rt.builtins.a : fixunsdfsi.S.obj (.text)
                  0001660c    00000042     simple_peripheral.o (.text.SimplePeripheral_passcodeCb)
                  0001664e    00000042     OneLib.a : ll.o (.text)
                  00016690    00000042              : ll_ae.o (.text)
                  000166d2    00000042              : ll_common.o (.text)
                  00016714    00000040     drivers_cc26x2.a : AESCTRDRBGXX.c.obj (.text.AESCTRDRBGXX_addBigendCounter)
                  00016754    00000040                      : ECDHCC26X2.c.obj (.text.ECDHCC26X2_waitForResult)
                  00016794    00000040     icall.o (.text.ICall_setTimerMSecs)
                  000167d4    00000040     drivers_cc26x2.a : PowerCC26X2_calibrateRCOSC.c.obj (.text.PowerCC26X2_RCOSC_clockFunc)
                  00016814    00000040                      : PowerCC26X2_calibrateRCOSC_helpers.c.obj (.text.PowerCC26X2_setAclkRefSrc)
                  00016854    00000040     simple_peripheral.o (.text.SimplePeripheral_stopAutoPhyChange)
                  00016894    00000040     simple_gatt_profile.o (.text.SimpleProfile_GetParameter)
                  000168d4    00000040     drivers_cc26x2.a : NVSCC26XX.c.obj (.text.disableFlashCache)
                  00016914    00000040     ti_sysbios_config.o (.text.ti_sysbios_knl_Clock_getTicksUntilInterrupt)
                  00016954    00000040     ti_sysbios_config.o (.text.ti_sysbios_knl_Task_exit)
                  00016994    00000040     OneLib.a : gap_configmgr.o (.text)
                  000169d4    00000040              : gattservapp.o (.text)
                  00016a14    00000040              : ll_common.o (.text)
                  00016a54    00000040              : ll_common.o (.text)
                  00016a94    00000040              : sm_intpairing.o (.text)
                  00016ad4    00000040     StackWrapper.a : osal.o (.text)
                  00016b14    00000040                    : osal_bufmgr.o (.text)
                  00016b54    00000040                    : osal_bufmgr.o (.text)
                  00016b94    00000040                    : osal_timers.o (.text)
                  00016bd4    0000003e     OneLib.a : ll_common.o (.text)
                  00016c12    00000002     rom_init.o (.text.MAP_llUpdatePeriodicAdvChainPacket)
                  00016c14    0000003c     drivers_cc26x2.a : GPIO.c.obj (.text.GPIO_resetConfig)
                  00016c50    0000003c     ti_sysbios_config.o (.text.HwiP_construct)
                  00016c8c    0000003c     icall.o (.text.ICall_dispatch)
                  00016cc8    0000003c     driverlib.lib : sys_ctrl.o (.text.NOROM_SysCtrlIdle)
                  00016d04    0000003c     nvocmp.o (.text.NVOCMP_getFreeNvApi)
                  00016d40    0000003c     drivers_cc26x2.a : PowerCC26X2_calibrateRCOSC_helpers.c.obj (.text.PowerCC26X2_setTdcClkSrc24M)
                  00016d7c    0000003c     simple_peripheral.o (.text.SimplePeripheral_clockHandler)
                  00016db8    0000003c     ti_sysbios_config.o (.text.ti_sysbios_family_arm_cc26xx_Timer_periodicStub)
                  00016df4    0000003c     ti_sysbios_config.o (.text.ti_sysbios_family_arm_cc26xx_Timer_setThreshold)
                  00016e30    0000003c     ti_sysbios_config.o (.text.ti_sysbios_heaps_HeapCallback_construct)
                  00016e6c    0000003c     ti_sysbios_config.o (.text.ti_sysbios_knl_ClockSupport_init)
                  00016ea8    0000003c     ti_sysbios_config.o (.text.ti_sysbios_knl_Task_blockI)
                  00016ee4    0000003c     ti_sysbios_config.o (.text.ti_sysbios_knl_Task_create)
                  00016f20    0000003c     ti_sysbios_config.o (.text.ti_sysbios_knl_Task_restore)
                  00016f5c    0000003c     ti_sysbios_config.o (.text.ti_sysbios_runtime_Memory_alloc)
                  00016f98    0000003c     OneLib.a : gap_linkmgr.o (.text)
                  00016fd4    0000003c              : gattservapp.o (.text)
                  00017010    0000003c              : gattservapp.o (.text)
                  0001704c    0000003c              : gattservapp.o (.text)
                  00017088    0000003c              : hci_event.o (.text)
                  000170c4    0000003c              : hci_tl.o (.text)
                  00017100    0000003c              : linkdb.o (.text)
                  0001713c    0000003c              : ll_ae.o (.text)
                  00017178    0000003c     StackWrapper.a : osal.o (.text)
                  000171b4    0000003c                    : osal.o (.text)
                  000171f0    0000003c                    : osal.o (.text)
                  0001722c    0000003c                    : osal_timers.o (.text)
                  00017268    0000003c                    : sm_ecc.o (.text)
                  000172a4    0000003c     libc.a : autoinit.c.obj (.text:__TI_auto_init_nobinit_nopinit)
                  000172e0    0000003a     drivers_cc26x2.a : CryptoUtils.c.obj (.text.CryptoUtils_copyPad)
                  0001731a    0000003a     ti_sysbios_config.o (.text.ti_sysbios_knl_Task_checkStacks)
                  00017354    0000003a     StackWrapper.a : osal.o (.text)
                  0001738e    00000002     rf_multiMode_cc26x2.a : rfc.c.cc26x2.ticlang.o (.text.NOROM_RFCCpePatchReset)
                  00017390    00000038     drivers_cc26x2.a : AESCTRCC26XX.c.obj (.text.AESCTR_cleanup)
                  000173c8    00000038                      : AESECBCC26XX.c.obj (.text.AESECB_cleanup)
                  00017400    00000038     icall.o (.text.ICall_heapFree)
                  00017438    00000038     icall.o (.text.ICall_searchServiceEntity)
                  00017470    00000038     nvocmp.o (.text.NVOCMP_disableCache)
                  000174a8    00000038     nvocmp.o (.text.NVOCMP_write)
                  000174e0    00000038     drivers_cc26x2.a : PowerCC26X2_helpers.c.obj (.text.PowerCC26X2_oscDisableQualifiers)
                  00017518    00000038                      : Random.c.obj (.text.Random_getNumber)
                  00017550    00000038                      : RingBuf.c.obj (.text.RingBuf_putAdvance)
                  00017588    00000038     simple_peripheral.o (.text.SimplePeripheral_createTask)
                  000175c0    00000038     simple_peripheral.o (.text.SimplePeripheral_setPhy)
                  000175f8    00000038     drivers_cc26x2.a : UART2.c.obj (.text.UART2_rxEnable)
                  00017630    00000038                      : UDMACC26XX.c.obj (.text.UDMACC26XX_close)
                  00017668    00000038     rf_multiMode_cc26x2.a : rf_patch_cpe_bt5.c.cc26x2.ticlang.o (.text.rf_patch_cpe_bt5)
                  000176a0    00000038     ti_sysbios_config.o (.text.ti_sysbios_knl_Task_processVitalTaskFlag)
                  000176d8    00000038     OneLib.a : hci.o (.text)
                  00017710    00000038              : linkdb.o (.text)
                  00017748    00000038              : ll_ae.o (.text)
                  00017780    00000038              : ll_ae.o (.text)
                  000177b8    00000038              : ll_enc.o (.text)
                  000177f0    00000038              : ll_scheduler.o (.text)
                  00017828    00000038              : ll_scheduler.o (.text)
                  00017860    00000038              : ll_scheduler.o (.text)
                  00017898    00000038              : sm_rsppairing.o (.text)
                  000178d0    00000038     StackWrapper.a : gattservapp_util.o (.text)
                  00017908    00000038                    : osal_timers.o (.text)
                  00017940    00000038     libclang_rt.builtins.a : extendsfdf2.S.obj (.text)
                  00017978    00000036     drivers_cc26x2.a : CryptoUtils.c.obj (.text.CryptoUtils_buffersMatch)
                  000179ae    00000036     icall.o (.text.ICall_fetchServiceMsg)
                  000179e4    00000036     StackWrapper.a : ble_dispatch_lite.o (.text)
                  00017a1a    00000002     rf_multiMode_cc26x2.a : RFCC26X2_multiMode.c.cc26x2.ticlang.o (.text.RF_defaultCallback)
                  00017a1c    00000034     icall.o (.text.ICall_searchTask)
                  00017a50    00000034     nvocmp.o (.text.NVOCMP_changePageState)
                  00017a84    00000034     drivers_cc26x2.a : PowerCC26X2_helpers.c.obj (.text.PowerCC26X2_setSubSecIncToXoscLf)
                  00017ab8    00000034                      : PowerCC26X2.c.obj (.text.Power_releaseConstraint)
                  00017aec    00000034     rf_multiMode_cc26x2.a : RFCC26X2_multiMode.c.cc26x2.ticlang.o (.text.RF_powerConstraintRelease)
                  00017b20    00000034                           : RFCC26X2_multiMode.c.cc26x2.ticlang.o (.text.RF_runDirectImmediateCmd)
                  00017b54    00000034     ti_sysbios_config.o (.text.SwiP_construct)
                  00017b88    00000034     drivers_cc26x2.a : UART2CC26X2.c.obj (.text.UART2Support_sendData)
                  00017bbc    00000034                      : UART2.c.obj (.text.UART2_rxDisable)
                  00017bf0    00000034     util.o (.text.Util_enqueueMsg)
                  00017c24    00000034     ti_sysbios_config.o (.text._pthread_cleanupFxn)
                  00017c58    00000034     ti_sysbios_config.o (.text.ti_sysbios_family_arm_m3_Hwi_excHandlerMin)
                  00017c8c    00000034     ti_sysbios_config.o (.text.ti_sysbios_family_arm_m3_Hwi_getStackInfo)
                  00017cc0    00000034     ti_sysbios_config.o (.text.ti_sysbios_family_arm_m3_Hwi_init)
                  00017cf4    00000034     ti_sysbios_config.o (.text.ti_sysbios_knl_Clock_Instance_init)
                  00017d28    00000034     ti_sysbios_config.o (.text.ti_sysbios_knl_Task_unblockI)
                  00017d5c    00000034     ti_sysbios_config.o (.text.ti_sysbios_runtime_Error_raiseX)
                  00017d90    00000034     OneLib.a : hci.o (.text)
                  00017dc4    00000034              : ll_ae.o (.text)
                  00017df8    00000034     StackWrapper.a : gapbondmgr.o (.text)
                  00017e2c    00000034                    : icall_startup.o (.text)
                  00017e60    00000034     sysbios.a : boot_cortex_m.c.obj (.text:_c_int00)
                  00017e94    00000032     ti_sysbios_config.o (.text.ti_sysbios_knl_Event_pendTimeout)
                  00017ec6    00000032     ti_sysbios_config.o (.text.ti_sysbios_knl_Semaphore_pendTimeout)
                  00017ef8    00000030     ti_sysbios_config.o (.text.BIOS_init)
                  00017f28    00000030     ti_drivers_config.o (.text.Board_wakeUpExtFlash)
                  00017f58    00000030     ti_sysbios_config.o (.text.ClockP_construct)
                  00017f88    00000030     icall.o (.text.ICall_primEntityId2ServiceId)
                  00017fb8    00000030     drivers_cc26x2.a : NVSCC26XX.c.obj (.text.NVSCC26XX_erase)
                  00017fe8    00000030                      : PowerCC26X2.c.obj (.text.Power_setConstraint)
                  00018018    00000030     rf_multiMode_cc26x2.a : RFCC26X2_multiMode.c.cc26x2.ticlang.o (.text.RF_checkCmdFsError)
                  00018048    00000030     rom_init.o (.text.ROM_Init)
                  00018078    00000030     simple_peripheral.o (.text.SimplePeripheral_enqueueMsg)
                  000180a8    00000030     simple_peripheral.o (.text.bReaction)
                  000180d8    00000030     simple_peripheral.o (.text.cReaction)
                  00018108    00000030     drivers_cc26x2.a : PowerCC26X2.c.obj (.text.notify)
                  00018138    00000030     ti_sysbios_config.o (.text.ti_sysbios_knl_TaskSupport_start)
                  00018168    00000030     ti_sysbios_config.o (.text.ti_sysbios_runtime_System_atexit)
                  00018198    00000030     ti_sysbios_config.o (.text.ti_sysbios_runtime_System_processAtExit)
                  000181c8    00000030     OneLib.a : ll_scheduler.o (.text)
                  000181f8    00000030     StackWrapper.a : osal_timers.o (.text)
                  00018228    0000002e     driverlib.lib : chipinfo.o (.text.NOROM_ThisLibraryIsFor_CC13x2_CC26x2_HwRev20AndLater_HaltIfViolated)
                  00018256    0000002e     rf_multiMode_cc26x2.a : RFCC26X2_multiMode.c.cc26x2.ticlang.o (.text.RF_calculateDeltaTimeUs)
                  00018284    0000002e     drivers_cc26x2.a : RingBuf.c.obj (.text.RingBuf_getConsume)
                  000182b2    0000002e                      : RingBuf.c.obj (.text.RingBuf_putPointer)
[...]
20000fbc  l2capNumPSM                                                        
20000fbd  l2capNumCoChannels                                                 
20000fbe  l2cap_gattServAppTaskID                                            
20000fbf  l2capId                                                            
20000fc1  linkDBNumConns                                                     
20000fc2  linkDB_secureConnectionOnlyMode                                    
20000fc3  maxPduSize                                                         
20000fc4  rfFeModeBias                                                       
20000fc5  defaultPhy                                                         
20000fc6  maxNumTxDataBufs                                                   
20000fc7  LL_TaskID                                                          
20000fc8  llState                                                            
20000fc9  rssiCorrection                                                     
20000fca  curTxPowerVal                                                      
20000fcb  maxTxPwrForDTM                                                     
20000fcc  onePktPerEvt                                                       
20000fcd  numComplPkts                                                       
20000fce  numComplPktsLimit                                                  
20000fcf  numComplPktsFlush                                                  
20000fd0  fastTxRespTime                                                     
20000fd1  slOverride                                                         
20000fd2  rxFifoFlowCtrl                                                     
20000fd3  numTxDataBufs                                                      
20000fd4  maxNumConns                                                        
20000fd5  aeCurHandle                                                        
20000fd6  aeCurAdvEnableHandle                                               
20000fd7  aeCurConnHandle                                                    
20000fd8  extScanIndex                                                       
20000fd9  extInitIndex                                                       
20000fda  scanState                                                          
20000fdb  lastPrimPhy                                                        
20000fdc  lastScanRsp                                                        
20000fdd  smTaskID                                                           
20000fde  SM_appExpectingKey                                                 
20001900  PowerCC26X2_module                                                 
20001da8  gapAttrTbl                                                         
20001e58  gpioPinConfigs                                                     
20001ed4  ICall_dispatcher                                                   
20001f52  bleUserCfg_maxPduSize                                              
20002038  BIOS_Module_state                                                  
20002064  ti_sysbios_family_arm_m3_Hwi_Module_state                          
200020a0  ti_sysbios_runtime_Startup_done                                    
200020a3  ti_sysbios_knl_Idle_initDone                                       
200020a4  ti_sysbios_runtime_Memory_defaultHeapInstance                      
200020bc  ti_sysbios_runtime_Error_ignore                                    
200020c8  ti_sysbios_family_arm_cc26xx_Timer_Module_state                    
200020d4  ti_sysbios_runtime_System_Module_state                             
200020e0  ti_sysbios_knl_Swi_Module_state                                    
20002108  ti_sysbios_knl_Clock_Module_state                                  
20002238  llUserConfig                                                       
200022f4  pOverrides_bleCommon                                               
20002348  txPowerTable_2400_pa5                                              
20002398  gattAttrTbl                                                        
200023d8  sm_eccKeys_sc_host_debug                                           
20002418  nvintfFncStruct                                                    
20002454  ti_sysbios_knl_Task_Module_state                                   
20002522  disconnectImmedConnId                                              
2000254c  eccParams_NISTP256                                                 
20002570  pOverrides_ble2Mbps                                                
20002594  argPeriodic                                                        
20002595  argRpaRead                                                         
20002596  autoConnect                                                        
20002598  bytesRead                                                          
2000259c  bytesWritten                                                       
200025a0  dispHandle                                                         
200025b0  advParams1                                                         
200025cc  advParams2                                                         
200025e8  scanResData1                                                       
20002604  pOverrides_ble1Mbps                                                
2000261c  attDeviceName                                                      
20002632  llUserConfig_maxPduSize                                            
20002638  ICall_enterCriticalSection                                         
2000263c  ICall_leaveCriticalSection                                         
20002640  heapmgrMemFreeTotal                                                
2000265c  DisplayUart2Ansi_escInitial                                        
200026c4  RF_modeBle                                                         
200026d4  _hposcCoeffs                                                       
200026e4  bleAppServiceInfoTable                                             
200026f4  pOverrides_bleCoded                                                
20002704  user0Cfg                                                           
20002714  gattAttrTbl_gatt_no_service_changed                                
20002724  sizeInfo                                                           
20002734  pairMode                                                           
20002735  mitm                                                               
20002736  ioCap                                                              
20002737  bonding                                                            
20002738  secureConnection                                                   
20002739  authenPairingOnly                                                  
2000273a  autoSyncWL                                                         
2000273b  eccReGenPolicy                                                     
2000273c  KeySize                                                            
2000273d  removeLRUBond                                                      
2000273e  KeyDistList                                                        
2000273f  eccDebugKeys                                                       
20002740  allowDebugKeys                                                     
20002741  eraseBondWhileInConn                                               
20002742  sameIrkAction                                                      
20002751  PKAResourceCC26XX_pollingFlag                                      
20002752  baseTaskID                                                         
20002760  advData1                                                           
2000276b  advData2                                                           
20002788  RFCC26XX_schedulerPolicy                                           
20002790  ti_sysbios_gates_GateMutexPri_Module_state                         
20002798  ti_sysbios_heaps_HeapCallback_Module_state                         
200027a0  ti_sysbios_knl_Event_state                                         
200027a8  ti_sysbios_knl_Semaphore_Module_state                              
200027b0  periConnParameters                                                 
200027b8  clientCbs                                                          
200027c6  DisplayUart2Ansi_escClearScreen                                    
200027d0  _lock                                                              
200027d4  _unlock                                                            
200027d8  appAssertCback                                                     
200027dc  icallServiceTblPtr                                                 
200027e0  pRandomAddress                                                     
200027e4  pRfErrCb                                                           
200027e8  pfnBMAlloc                                                         
200027ec  pfnBMFree                                                          
200027f0  patchedSlaveCtrlPktList                                            
200027f4  halAssertCback                                                     
2000280c  deviceNameCharProps                                                
2000280d  appearanceCharProps                                                
2000280e  periConnParamCharProps                                             
2000280f  centAddrResCharProps                                               
20002810  centAddrRes                                                        
20002811  resolvablePrivateAddressOnlyCharProps                              
20002812  GATTServApp_gatt_no_service_changed                                
20002814  qosDefaultPriorityConnParameter                                    
20002815  extScanChanMap                                                     
20002816  sizeOfAllExtConnParam                                              
20002817  rfRatHandle                                                        
20002818  smAllowDebugKeysMode                                               
20002819  gapEndAppTaskID                                                    
2000281a  gapAppTaskID                                                       
2000281b  legacyMode                                                         
20002820  spTaskStack                                                        
20002c20  ti_sysbios_knl_Idle_taskStack                                      
200031e0  uart2CC26X2Objects                                                 
20003350  rfObject                                                           
20003450  ti_sysbios_family_arm_m3_Hwi_dispatchTable                         
200035e8  aesctrdrbgXXObjects                                                
2000368c  trngCC26XXObjects                                                  
20003790  gpioCallbackFunctions                                              
2000380c  gpioUserArgs                                                       
20003888  cbTimers                                                           
20003968  ti_sysbios_knl_ClockSupport_timerStruct                            
200039c8  spTask                                                             
20003a20  ti_sysbios_knl_Idle_taskStruct                                     
20003a78  CryptoResourceCC26XX_accessSemaphore                               
20003ac8  CryptoResourceCC26XX_operationSemaphore                            
20003b18  PKAResourceCC26XX_accessSemaphore                                  
20003b68  PKAResourceCC26XX_operationSemaphore                               
20003c7c  nvFptrs                                                            
20003cb8  ti_sysbios_knl_Swi_readyQs                                         
20003ce8  ti_sysbios_knl_Task_readyQs                                        
20003d18  NVOCMP_nvHandle                                                    
20003d46  appearance                                                         
20003d48  aesecbCC26XXObjects                                                
20003d70  llCteSamples                                                       
20003d94  uartParams                                                         
20003df8  req                                                                
20003e18  gapBond_remoteOobData                                              
20003e38  gapBond_localOobData                                               
20003e58  ecdhCC26X2Objects                                                  
20003e78  ti_sysbios_runtime_System_atexitHandlers                           
20003e98  udmaCC26XXObject                                                   
20003ed4  BIOS_heapCallbackObject                                            
20003ef0  BIOS_rtsGate                                                       
20003f0c  CryptoResourceCC26XX_hwi                                           
20003f28  PKAResourceCC26XX_hwi                                              
20003f44  deviceName                                                         
20003f5c  aesccmCC26XXObjects                                                
20003f88  rfMode                                                             
20003f98  llCteTest                                                          
20003fa4  cteAntennaProp                                                     
20003fb0  llTaskList                                                         
20003fbc  displayUart2Object                                                 
20003fd0  defaultChannelMap                                                  
20003fd8  secondaryAdvChannelMap                                             
20003fe0  llRfCmdPreemption                                                  
20004008  ggs_AppCBs                                                         
2000400c  pClientSecCBs                                                      
20004014  BDAddrPerConnHandle                                                
20004018  llCte                                                              
2000401c  llConnExtParam                                                     
20004020  extStackSettings                                                   
20004024  trngHandle                                                         
20004028  LSTORecoveryArr                                                    
2000402c  pNextAdvSet                                                        
20004030  llCurrentMappedChan                                                
20004034  drbgHandle                                                         
20004038  pRpaCfg                                                            
2000403c  gapBond_lruBondList                                                
20004040  gapBondStateNodeHead                                               
20004044  osal_syncHandle                                                    
20004048  osal_icallMsg_hook                                                 
2000404c  osal_qHead                                                         
20004050  osal_max_msecs                                                     
20004054  osal_tickperiod                                                    
20004058  osal_eventloop_hook                                                
2000405c  bm_preReleaseBuffCB                                                
20004068  OSAL_timeSeconds                                                   
2000406c  timerHead                                                          
20004074  osal_last_timestamp                                                
20004078  HEAPMGR_SIZE                                                       
2000407c  PowerCC26XX_swiKey                                                 
20004080  PowerCC26XX_taskKey                                                
20004084  tasksEvents                                                        
20004088  ti_sysbios_family_arm_cc26xx_TimestampProvider_Module_state        
2000408c  ti_sysbios_knl_Task_defaultStackHeap                               
20004090  uart                                                               
20004094  maximumPduSize                                                     
20004098  pwrmgr_attribute                                                   
2000409a  scanResToDiscard                                                   
2000409b  resolvablePrivateAddressOnly                                       
2000409c  GATTServApp_att_delayed_req                                        
2000409d  hciTaskID                                                          
2000409e  hciL2capTaskID                                                     
2000409f  hciGapTaskID                                                       
200040a0  hciSmpTaskID                                                       
200040a1  hciTestTaskID                                                      
200040a2  hciVsEvtMask                                                       
200040a3  scanReqRpt                                                         
200040a4  secondaryAdvChannelMapPopCount                                     
200040a5  qosDefaultPriorityAdvParameter                                     
200040a6  maxNumCteDataBufs                                                  
200040a7  numActiveAdvSets                                                   
200040a8  wlSize                                                             
200040a9  rlSize                                                             
200040aa  decryptResult                                                      
200040ab  llUnhandleNextIntFlag                                              
200040ac  smAuthenPairingOnlyMode                                            
200040ad  icall_liteTaskId                                                   
200040ae  gapBond_removeLRUBond                                              
200040af  gapBond_syncRL                                                     
200040b0  assertSubcause                                                     
200040b1  osal_entity                                                        
200040b2  pwrmgr_initialized                                                 
200040b3  NVOCMP_size                                                        
200040b4  gAction                                                            
200040b5  nvsCC26XXObjects                                                   
20004100  ti_sysbios_family_arm_m3_Hwi_ramVectors                            
200041d8  heapStart                                                          
20013c00  __stack                                                            
20013c00  heapEnd                                                            
20014000  __STACK_END                                                        
20014000  __STACK_TOP                                                        
20014000  __UNUSED_SRAM_end__                                                
ffffffff  __TI_pprof_out_hndl                                                
ffffffff  __TI_prof_data_size                                                
ffffffff  __TI_prof_data_start                                               
ffffffff  __binit__                                                          
ffffffff  binit                                                              
UNDEFED   ITM_flush                                                          
UNDEFED   ITM_restore                                                        
UNDEFED   __c_args__                                                         
UNDEFED   __mpu_init                                                         

[2614 symbols]
